[0819/205056.775:INFO:CONSOLE(114)] "Event handler of 'x-storagemutated-1' event must be added on the initial evaluation of worker script.", source: https://static.whatsapp.net/rsrc.php/v4/y1/r/6KTi4TlM7FI.js (114)
[0819/205059.991:INFO:CONSOLE(0)] "Error with Permissions-Policy header: Feature xr-spatial-tracking's parameters are ignored.", source:  (0)
[0819/205059.991:INFO:CONSOLE(0)] "Error with Permissions-Policy header: Origin trial controlled feature not enabled: 'attribution-reporting'.", source:  (0)
[0819/205059.991:INFO:CONSOLE(0)] "Error with Permissions-Policy header: Unrecognized feature: 'compute-pressure'.", source:  (0)
[0819/205059.993:INFO:CONSOLE(0)] "Error with Permissions-Policy header: Origin trial controlled feature not enabled: 'interest-cohort'.", source:  (0)
[0819/205059.993:INFO:CONSOLE(0)] "Error with Permissions-Policy header: Unrecognized feature: 'private-state-token-issuance'.", source:  (0)
[0819/205059.993:INFO:CONSOLE(0)] "Error with Permissions-Policy header: Origin trial controlled feature not enabled: 'shared-storage'.", source:  (0)
[0819/205059.993:INFO:CONSOLE(0)] "Error with Permissions-Policy header: Unrecognized feature: 'shared-storage-select-url'.", source:  (0)
[0819/205059.994:INFO:CONSOLE(0)] "Error with Permissions-Policy header: Unrecognized feature: 'private-state-token-redemption'.", source:  (0)
[0819/205059.994:INFO:CONSOLE(0)] "Error with Permissions-Policy header: Unrecognized feature: 'unload'.", source:  (0)
[0819/205059.994:INFO:CONSOLE(0)] "Error with Permissions-Policy header: Unrecognized feature: 'window-management'.", source:  (0)
[0819/205059.995:INFO:CONSOLE(0)] "Document-Policy HTTP header: Unrecognized document policy feature name include-js-call-stacks-in-crash-reports.", source: https://web.whatsapp.com/ (0)
[0819/205105.967:INFO:CONSOLE(114)] "Event handler of 'x-storagemutated-1' event must be added on the initial evaluation of worker script.", source: https://static.whatsapp.net/rsrc.php/v4/y1/r/6KTi4TlM7FI.js (114)
[0819/215305.114:INFO:CONSOLE(0)] "Uncaught (in promise) [object Object]", source: https://web.whatsapp.com/ (0)
[0819/215305.114:INFO:CONSOLE(0)] "Uncaught (in promise) [object Object]", source: https://web.whatsapp.com/ (0)
[0819/215305.114:INFO:CONSOLE(0)] "Uncaught (in promise) [object Object]", source: https://web.whatsapp.com/ (0)
[0819/215305.401:INFO:CONSOLE(0)] "Uncaught (in promise) [object Object]", source: https://web.whatsapp.com/ (0)
[0819/215305.401:INFO:CONSOLE(0)] "Uncaught (in promise) [object Object]", source: https://web.whatsapp.com/ (0)
[0819/215305.402:INFO:CONSOLE(0)] "Uncaught (in promise) [object Object]", source: https://web.whatsapp.com/ (0)
[0819/215305.402:INFO:CONSOLE(0)] "Uncaught (in promise) [object Object]", source: https://web.whatsapp.com/ (0)
[0819/215305.403:INFO:CONSOLE(0)] "Uncaught (in promise) [object Object]", source: https://web.whatsapp.com/ (0)
[0819/215305.403:INFO:CONSOLE(0)] "Uncaught (in promise) [object Object]", source: https://web.whatsapp.com/ (0)
[0819/215305.544:INFO:CONSOLE(0)] "Uncaught (in promise) [object Object]", source: https://web.whatsapp.com/ (0)
[0819/215305.646:INFO:CONSOLE(0)] "Uncaught (in promise) [object Object]", source: https://web.whatsapp.com/ (0)
[0819/215305.651:INFO:CONSOLE(0)] "Uncaught (in promise) [object Object]", source: https://web.whatsapp.com/ (0)
[0819/215305.651:INFO:CONSOLE(0)] "Uncaught (in promise) [object Object]", source: https://web.whatsapp.com/ (0)
[0819/215305.651:INFO:CONSOLE(150)] "Uncaught (in promise) [object Object]", source: https://static.whatsapp.net/rsrc.php/v4/yQ/r/zrQoHnvRGd1.js (150)
[0819/215306.922:INFO:CONSOLE(114)] "Event handler of 'x-storagemutated-1' event must be added on the initial evaluation of worker script.", source: https://static.whatsapp.net/rsrc.php/v4/y1/r/6KTi4TlM7FI.js (114)
[0819/215310.763:INFO:CONSOLE(0)] "Uncaught (in promise) Error: updateChatTable failed", source: https://web.whatsapp.com/ (0)
[0819/215612.893:INFO:CONSOLE(114)] "Event handler of 'x-storagemutated-1' event must be added on the initial evaluation of worker script.", source: https://static.whatsapp.net/rsrc.php/v4/y1/r/6KTi4TlM7FI.js (114)
